// Jest Snapshot v1, https://goo.gl/fbAQLP

exports[`should render Login Page with Snapshot 1`] = `
<div>
  <button
    onClick={[Function]}
  >
    Login Button
  </button>
</div>
`;
